// Jest Snapshot v1, https://goo.gl/fbAQLP

exports[`renders edit expense page 1`] = `
<div>
  <ExpenseForm
    buttonText="Save Expense"
    expense={
      Object {
        "amount": 200,
        "createdAt": 0,
        "description": "candy",
        "id": "1",
        "note": "",
      }
    }
    onSubmit={[Function]}
  />
  <button
    onClick={[Function]}
  >
    Remove Expense
  </button>
</div>
`;
